Fatal error: Call to undefined method Aerospike::createIndex() in /home/brusewayne/sandbox/hhvm/aerospike-client-hhvm/src/aerospike/tests/Index.inc on line 184